log { line: 1, column: 9 } FunctionDeclaration
z { line: 2, column: 4 } VariableDeclarator
A { line: 3, column: 9 } FunctionDeclaration
outer { line: 35, column: 9 } FunctionDeclaration
ff { line: 42, column: 6 } VariableDeclarator
