estr (Ecmascript traversals)

estr tags ..paths
   traverse paths, extract tags from .js-files, write to file "tags"

estr rename file.js oldName <line> <column> newName
   rename oldName (at <line> <column>) to newName

estr findVar file.js name <line> <column>
   find binding and other occurrences for name
