WARNING! hoisting var declaration over catch of same name:  e
{ start: { line: 20, column: 8 },
  end: { line: 20, column: 16 } }
WARNING! hoisting function declaration over catch of same name:  f
{ start: { line: 28, column: 4 },
  end: { line: 28, column: 24 } }
renamed binding for a would capture
existing occurrences of x
[ { type: 'Identifier',
    name: 'x',
    range: [ 793, 794 ],
    loc: 
     { start: { line: 36, column: 10 },
       end: { line: 36, column: 11 } },
    innerScopes: 
     [ { type: 'FunctionExpression',
         id: null,
         params: 
          [ { type: 'Identifier',
              name: 'a',
              range: [Object],
              loc: [Object],
              occurrences: [Object],
              innerScopes: [] },
            { type: 'Identifier',
              name: 'b',
              range: [Object],
              loc: [Object],
              occurrences: [Object],
              innerScopes: [] } ],
         body: 
          { type: 'BlockStatement',
            body: [ [Object] ],
            range: [ 780, 805 ],
            loc: { start: [Object], end: [Object] } },
         range: [ 766, 805 ],
         loc: 
          { start: { line: 35, column: 29 },
            end: { line: 37, column: 1 } },
         freeVars: 
          [ [Circular],
            { type: 'Identifier',
              name: 'y',
              range: [Object],
              loc: [Object],
              innerScopes: [Object] } ],
         decls: 
          [ [ [Object], 'FunctionExpression Parameter' ],
            [ [Object], 'FunctionExpression Parameter' ] ] } ] } ]
